ARM Linker, 5.03 [Build 24] [MDK-ARM Professional]

==============================================================================

Section Cross References

    main.o(.text) refers to delay.o(.text) for delay_init
    main.o(.text) refers to led.o(.text) for LED_GPIO_Config
    main.o(.text) refers to beep.o(.text) for BEEP_GPIO_Config
    main.o(.text) refers to codescanner.o(.text) for Scanner_GPIO_Config
    main.o(.text) refers to usart.o(.text) for USART1_Config
    main.o(.text) refers to tim.o(.text) for TIM2_Config
    main.o(.text) refers to stm32f10x_tim.o(.text) for TIM_Cmd
    main.o(.text) refers to beep.o(.data) for ERR_Beep_State
    tim.o(.text) refers to misc.o(.text) for NVIC_PriorityGroupConfig
    tim.o(.text) refers to stm32f10x_rcc.o(.text) for RCC_APB1PeriphClockCmd
    tim.o(.text) refers to stm32f10x_tim.o(.text) for TIM_DeInit
    usart.o(.text) refers to misc.o(.text) for NVIC_PriorityGroupConfig
    usart.o(.text) refers to stm32f10x_rcc.o(.text) for RCC_APB2PeriphClockCmd
    usart.o(.text) refers to stm32f10x_gpio.o(.text) for GPIO_Init
    usart.o(.text) refers to stm32f10x_usart.o(.text) for USART_Init
    usart.o(.text) refers to usart.o(.bss) for Usart1_Control_Data
    usart.o(.text) refers to usart.o(.data) for Auto_Frame_Time1
    usart.o(.text) refers to crc16.o(.text) for CRC_GetCCITT
    usart.o(.text) refers to codescanner.o(.bss) for Host_Control
    usart.o(.text) refers to beep.o(.data) for Beep_Num
    usart.o(.text) refers to led.o(.data) for Gled_Light_Static
    usart.o(.text) refers to codescanner.o(.data) for Host_Answer
    usart.o(.text) refers to stm32f10x_tim.o(.text) for TIM_Cmd
    usart.o(.text) refers to delay.o(.text) for delay_ms
    stm32f10x_it.o(.text) refers to stm32f10x_tim.o(.text) for TIM_GetITStatus
    stm32f10x_it.o(.text) refers to codescanner.o(.text) for scanner_scan
    stm32f10x_it.o(.text) refers to beep.o(.text) for Beep_LoudNum
    stm32f10x_it.o(.text) refers to led.o(.text) for Led_Flash
    stm32f10x_it.o(.text) refers to stm32f10x_usart.o(.text) for USART_GetFlagStatus
    stm32f10x_it.o(.text) refers to usart.o(.text) for USART1_Do_Rx
    stm32f10x_it.o(.text) refers to usart.o(.bss) for Usart1_Control_Data
    stm32f10x_it.o(.text) refers to usart.o(.data) for Auto_Frame_Time1
    delay.o(.text) refers to misc.o(.text) for SysTick_CLKSourceConfig
    delay.o(.text) refers to system_stm32f10x.o(.data) for SystemCoreClock
    delay.o(.text) refers to delay.o(.data) for fac_us
    led.o(.text) refers to stm32f10x_rcc.o(.text) for RCC_APB2PeriphClockCmd
    led.o(.text) refers to stm32f10x_gpio.o(.text) for GPIO_Init
    led.o(.text) refers to led.o(.data) for Gled_Num
    codescanner.o(.text) refers to stm32f10x_rcc.o(.text) for RCC_APB2PeriphClockCmd
    codescanner.o(.text) refers to stm32f10x_gpio.o(.text) for GPIO_Init
    codescanner.o(.text) refers to delay.o(.text) for delay_ms
    codescanner.o(.text) refers to stm32f10x_tim.o(.text) for TIM_Cmd
    codescanner.o(.text) refers to codescanner.o(.bss) for Host_Control
    codescanner.o(.text) refers to codescanner.o(.data) for Host_Answer
    codescanner.o(.text) refers to led.o(.data) for Rled_Num
    codescanner.o(.text) refers to beep.o(.data) for Beep_Num
    crc16.o(.text) refers to crc16.o(.constdata) for g_McRctable_16
    beep.o(.text) refers to stm32f10x_rcc.o(.text) for RCC_APB2PeriphClockCmd
    beep.o(.text) refers to stm32f10x_gpio.o(.text) for GPIO_Init
    beep.o(.text) refers to delay.o(.text) for delay_ms
    beep.o(.text) refers to beep.o(.data) for ERR_Beep_State
    stm32f10x_gpio.o(.text) refers to stm32f10x_rcc.o(.text) for RCC_APB2PeriphResetCmd
    stm32f10x_pwr.o(.text) refers to stm32f10x_rcc.o(.text) for RCC_APB1PeriphResetCmd
    stm32f10x_tim.o(.text) refers to stm32f10x_rcc.o(.text) for RCC_APB2PeriphResetCmd
    stm32f10x_usart.o(.text) refers to stm32f10x_rcc.o(.text) for RCC_APB2PeriphResetCmd
    stm32f10x_bkp.o(.text) refers to stm32f10x_rcc.o(.text) for RCC_BackupResetCmd
    stm32f10x_rcc.o(.text) refers to stm32f10x_rcc.o(.data) for APBAHBPrescTable
    system_stm32f10x.o(.text) refers to system_stm32f10x.o(.data) for SystemCoreClock
    startup_stm32f10x_md.o(RESET) refers to startup_stm32f10x_md.o(STACK) for __initial_sp
    startup_stm32f10x_md.o(RESET) refers to startup_stm32f10x_md.o(.text) for Reset_Handler
    startup_stm32f10x_md.o(RESET) refers to stm32f10x_it.o(.text) for NMI_Handler
    startup_stm32f10x_md.o(.text) refers to system_stm32f10x.o(.text) for SystemInit
    startup_stm32f10x_md.o(.text) refers to entry.o(.ARM.Collect$$$$00000000) for __main
    entry.o(.ARM.Collect$$$$00000000) refers (Special) to entry10a.o(.ARM.Collect$$$$0000000D) for __rt_final_cpp
    entry.o(.ARM.Collect$$$$00000000) refers (Special) to entry11a.o(.ARM.Collect$$$$0000000F) for __rt_final_exit
    entry.o(.ARM.Collect$$$$00000000) refers (Special) to entry7b.o(.ARM.Collect$$$$00000008) for _main_clock
    entry.o(.ARM.Collect$$$$00000000) refers (Special) to entry8b.o(.ARM.Collect$$$$0000000A) for _main_cpp_init
    entry.o(.ARM.Collect$$$$00000000) refers (Special) to entry9a.o(.ARM.Collect$$$$0000000B) for _main_init
    entry.o(.ARM.Collect$$$$00000000) refers (Special) to entry5.o(.ARM.Collect$$$$00000004) for _main_scatterload
    entry.o(.ARM.Collect$$$$00000000) refers (Special) to entry2.o(.ARM.Collect$$$$00000001) for _main_stk
    entry2.o(.ARM.Collect$$$$00000001) refers to entry2.o(.ARM.Collect$$$$00002712) for __lit__00000000
    entry2.o(.ARM.Collect$$$$00002712) refers to startup_stm32f10x_md.o(STACK) for __initial_sp
    entry2.o(__vectab_stack_and_reset_area) refers to startup_stm32f10x_md.o(STACK) for __initial_sp
    entry2.o(__vectab_stack_and_reset_area) refers to entry.o(.ARM.Collect$$$$00000000) for __main
    entry5.o(.ARM.Collect$$$$00000004) refers to init.o(.text) for __scatterload
    entry9a.o(.ARM.Collect$$$$0000000B) refers to main.o(.text) for main
    entry9b.o(.ARM.Collect$$$$0000000C) refers to main.o(.text) for main
    init.o(.text) refers to entry5.o(.ARM.Collect$$$$00000004) for __main_after_scatterload


==============================================================================

Removing Unused input sections from the image.

    Removing stm32f10x_pwr.o(.text), (204 bytes).
    Removing stm32f10x_sdio.o(.text), (472 bytes).
    Removing stm32f10x_rtc.o(.text), (324 bytes).
    Removing stm32f10x_bkp.o(.text), (196 bytes).
    Removing core_cm3.o(.emb_text), (32 bytes).
    Removing startup_stm32f10x_md.o(HEAP), (512 bytes).

6 unused section(s) (total 1740 bytes) removed from the image.

==============================================================================

Image Symbol Table

    Local Symbols

    Symbol Name                              Value     Ov Type        Size  Object(Section)

    ../clib/microlib/init/entry.s            0x00000000   Number         0  entry2.o ABSOLUTE
    ../clib/microlib/init/entry.s            0x00000000   Number         0  entry11b.o ABSOLUTE
    ../clib/microlib/init/entry.s            0x00000000   Number         0  entry5.o ABSOLUTE
    ../clib/microlib/init/entry.s            0x00000000   Number         0  entry9a.o ABSOLUTE
    ../clib/microlib/init/entry.s            0x00000000   Number         0  entry.o ABSOLUTE
    ../clib/microlib/init/entry.s            0x00000000   Number         0  entry7a.o ABSOLUTE
    ../clib/microlib/init/entry.s            0x00000000   Number         0  entry7b.o ABSOLUTE
    ../clib/microlib/init/entry.s            0x00000000   Number         0  entry8a.o ABSOLUTE
    ../clib/microlib/init/entry.s            0x00000000   Number         0  entry8b.o ABSOLUTE
    ../clib/microlib/init/entry.s            0x00000000   Number         0  entry9b.o ABSOLUTE
    ../clib/microlib/init/entry.s            0x00000000   Number         0  entry10a.o ABSOLUTE
    ../clib/microlib/init/entry.s            0x00000000   Number         0  entry10b.o ABSOLUTE
    ../clib/microlib/init/entry.s            0x00000000   Number         0  entry11a.o ABSOLUTE
    ..\Libraries\CMSIS\core_cm3.c            0x00000000   Number         0  core_cm3.o ABSOLUTE
    ..\Libraries\CMSIS\startup\arm\startup_stm32f10x_md.s 0x00000000   Number         0  startup_stm32f10x_md.o ABSOLUTE
    ..\Libraries\CMSIS\system_stm32f10x.c    0x00000000   Number         0  system_stm32f10x.o ABSOLUTE
    ..\Libraries\STM32F10x_StdPeriph_Driver\src\misc.c 0x00000000   Number         0  misc.o ABSOLUTE
    ..\Libraries\STM32F10x_StdPeriph_Driver\src\stm32f10x_bkp.c 0x00000000   Number         0  stm32f10x_bkp.o ABSOLUTE
    ..\Libraries\STM32F10x_StdPeriph_Driver\src\stm32f10x_gpio.c 0x00000000   Number         0  stm32f10x_gpio.o ABSOLUTE
    ..\Libraries\STM32F10x_StdPeriph_Driver\src\stm32f10x_pwr.c 0x00000000   Number         0  stm32f10x_pwr.o ABSOLUTE
    ..\Libraries\STM32F10x_StdPeriph_Driver\src\stm32f10x_rcc.c 0x00000000   Number         0  stm32f10x_rcc.o ABSOLUTE
    ..\Libraries\STM32F10x_StdPeriph_Driver\src\stm32f10x_rtc.c 0x00000000   Number         0  stm32f10x_rtc.o ABSOLUTE
    ..\Libraries\STM32F10x_StdPeriph_Driver\src\stm32f10x_sdio.c 0x00000000   Number         0  stm32f10x_sdio.o ABSOLUTE
    ..\Libraries\STM32F10x_StdPeriph_Driver\src\stm32f10x_tim.c 0x00000000   Number         0  stm32f10x_tim.o ABSOLUTE
    ..\Libraries\STM32F10x_StdPeriph_Driver\src\stm32f10x_usart.c 0x00000000   Number         0  stm32f10x_usart.o ABSOLUTE
    ..\USER\TIM.C                            0x00000000   Number         0  tim.o ABSOLUTE
    ..\USER\beep.c                           0x00000000   Number         0  beep.o ABSOLUTE
    ..\USER\codescanner.c                    0x00000000   Number         0  codescanner.o ABSOLUTE
    ..\USER\crc16.c                          0x00000000   Number         0  crc16.o ABSOLUTE
    ..\USER\delay\delay.c                    0x00000000   Number         0  delay.o ABSOLUTE
    ..\USER\led\led.c                        0x00000000   Number         0  led.o ABSOLUTE
    ..\USER\main.c                           0x00000000   Number         0  main.o ABSOLUTE
    ..\USER\stm32f10x_it.c                   0x00000000   Number         0  stm32f10x_it.o ABSOLUTE
    ..\USER\usart.c                          0x00000000   Number         0  usart.o ABSOLUTE
    ..\\Libraries\\CMSIS\\core_cm3.c         0x00000000   Number         0  core_cm3.o ABSOLUTE
    dc.s                                     0x00000000   Number         0  dc.o ABSOLUTE
    handlers.s                               0x00000000   Number         0  handlers.o ABSOLUTE
    init.s                                   0x00000000   Number         0  init.o ABSOLUTE
    RESET                                    0x08000000   Section      236  startup_stm32f10x_md.o(RESET)
    .ARM.Collect$$$$00000000                 0x080000ec   Section        0  entry.o(.ARM.Collect$$$$00000000)
    .ARM.Collect$$$$00000001                 0x080000ec   Section        4  entry2.o(.ARM.Collect$$$$00000001)
    .ARM.Collect$$$$00000004                 0x080000f0   Section        4  entry5.o(.ARM.Collect$$$$00000004)
    .ARM.Collect$$$$00000008                 0x080000f4   Section        0  entry7b.o(.ARM.Collect$$$$00000008)
    .ARM.Collect$$$$0000000A                 0x080000f4   Section        0  entry8b.o(.ARM.Collect$$$$0000000A)
    .ARM.Collect$$$$0000000B                 0x080000f4   Section        8  entry9a.o(.ARM.Collect$$$$0000000B)
    .ARM.Collect$$$$0000000D                 0x080000fc   Section        0  entry10a.o(.ARM.Collect$$$$0000000D)
    .ARM.Collect$$$$0000000F                 0x080000fc   Section        0  entry11a.o(.ARM.Collect$$$$0000000F)
    .ARM.Collect$$$$00002712                 0x080000fc   Section        4  entry2.o(.ARM.Collect$$$$00002712)
    __lit__00000000                          0x080000fc   Data           4  entry2.o(.ARM.Collect$$$$00002712)
    .text                                    0x08000100   Section        0  main.o(.text)
    .text                                    0x080001b0   Section        0  tim.o(.text)
    TIM2_Interrupts_Config                   0x080001b1   Thumb Code    42  tim.o(.text)
    TIM3_Interrupts_Config                   0x080001db   Thumb Code    38  tim.o(.text)
    TIM4_Interrupts_Config                   0x08000201   Thumb Code    40  tim.o(.text)
    .text                                    0x08000324   Section        0  usart.o(.text)
    Init_USART1                              0x08000325   Thumb Code    18  usart.o(.text)
    Init_USART2                              0x08000337   Thumb Code    18  usart.o(.text)
    USART1_Interrupts_Config                 0x08000349   Thumb Code    40  usart.o(.text)
    USART2_Interrupts_Config                 0x08000371   Thumb Code    40  usart.o(.text)
    Execute_Host_Comm                        0x0800072d   Thumb Code   344  usart.o(.text)
    response_reader                          0x08000885   Thumb Code   550  usart.o(.text)
    Copy_Scanner_Data                        0x08000aab   Thumb Code    82  usart.o(.text)
    .text                                    0x08000bdc   Section        0  stm32f10x_it.o(.text)
    .text                                    0x08000d5c   Section        0  delay.o(.text)
    .text                                    0x08000e2c   Section        0  led.o(.text)
    Gled_Flash                               0x08000e63   Thumb Code    82  led.o(.text)
    Rled_Flash                               0x08000eb5   Thumb Code    82  led.o(.text)
    .text                                    0x08000f9c   Section        0  codescanner.o(.text)
    .text                                    0x08001154   Section        0  crc16.o(.text)
    GetCrc_16                                0x08001155   Thumb Code    34  crc16.o(.text)
    crc16_ccitt                              0x08001177   Thumb Code    76  crc16.o(.text)
    .text                                    0x080011ec   Section        0  beep.o(.text)
    .text                                    0x080012f8   Section        0  stm32f10x_gpio.o(.text)
    .text                                    0x08001650   Section        0  stm32f10x_tim.o(.text)
    TI4_Config                               0x08001af7   Thumb Code   130  stm32f10x_tim.o(.text)
    TI3_Config                               0x08001b8b   Thumb Code   122  stm32f10x_tim.o(.text)
    TI2_Config                               0x08001c1f   Thumb Code   130  stm32f10x_tim.o(.text)
    TI1_Config                               0x08001cb3   Thumb Code   108  stm32f10x_tim.o(.text)
    .text                                    0x0800246c   Section        0  stm32f10x_usart.o(.text)
    .text                                    0x08002874   Section        0  misc.o(.text)
    .text                                    0x08002950   Section        0  stm32f10x_rcc.o(.text)
    .text                                    0x08002cf4   Section        0  system_stm32f10x.o(.text)
    SetSysClockTo72                          0x08002cf5   Thumb Code   212  system_stm32f10x.o(.text)
    SetSysClock                              0x08002dc9   Thumb Code     8  system_stm32f10x.o(.text)
    .text                                    0x08002ed0   Section       36  startup_stm32f10x_md.o(.text)
    .text                                    0x08002ef4   Section       36  init.o(.text)
    i.__scatterload_copy                     0x08002f18   Section       14  handlers.o(i.__scatterload_copy)
    i.__scatterload_null                     0x08002f26   Section        2  handlers.o(i.__scatterload_null)
    i.__scatterload_zeroinit                 0x08002f28   Section       14  handlers.o(i.__scatterload_zeroinit)
    .constdata                               0x08002f36   Section      512  crc16.o(.constdata)
    .data                                    0x20000000   Section        2  usart.o(.data)
    .data                                    0x20000002   Section        4  delay.o(.data)
    fac_us                                   0x20000002   Data           1  delay.o(.data)
    fac_ms                                   0x20000004   Data           2  delay.o(.data)
    .data                                    0x20000006   Section       12  led.o(.data)
    retry                                    0x20000006   Data           1  led.o(.data)
    led_state                                0x20000007   Data           1  led.o(.data)
    retry                                    0x20000008   Data           1  led.o(.data)
    led_state                                0x20000009   Data           1  led.o(.data)
    gled_light_time                          0x2000000a   Data           2  led.o(.data)
    rled_light_time                          0x2000000c   Data           2  led.o(.data)
    .data                                    0x20000012   Section       12  codescanner.o(.data)
    scan_time                                0x20000012   Data           2  codescanner.o(.data)
    scan_time_old                            0x20000014   Data           2  codescanner.o(.data)
    trigger_static                           0x20000016   Data           1  codescanner.o(.data)
    .data                                    0x2000001e   Section        6  beep.o(.data)
    retry                                    0x2000001e   Data           1  beep.o(.data)
    beep_static                              0x2000001f   Data           1  beep.o(.data)
    .data                                    0x20000024   Section       20  stm32f10x_rcc.o(.data)
    APBAHBPrescTable                         0x20000024   Data          16  stm32f10x_rcc.o(.data)
    ADCPrescTable                            0x20000034   Data           4  stm32f10x_rcc.o(.data)
    .data                                    0x20000038   Section       20  system_stm32f10x.o(.data)
    .bss                                     0x2000004c   Section     2068  usart.o(.bss)
    .bss                                     0x20000860   Section       16  codescanner.o(.bss)
    STACK                                    0x20000870   Section     1024  startup_stm32f10x_md.o(STACK)

    Global Symbols

    Symbol Name                              Value     Ov Type        Size  Object(Section)

    BuildAttributes$$THM_ISAv4$P$D$K$B$S$PE$A:L22UL41UL21$X:L11$S22US41US21$IEEE1$IW$USESV6$~STKCKD$USESV7$~SHL$OSPACE$EBA8$MICROLIB$REQ8$PRES8$EABIv2 0x00000000   Number         0  anon$$obj.o ABSOLUTE
    __ARM_use_no_argv                        0x00000000   Number         0  main.o ABSOLUTE
    __cpp_initialize__aeabi_                  - Undefined Weak Reference
    __cxa_finalize                            - Undefined Weak Reference
    __decompress                              - Undefined Weak Reference
    _clock_init                               - Undefined Weak Reference
    _microlib_exit                            - Undefined Weak Reference
    __Vectors_Size                           0x000000ec   Number         0  startup_stm32f10x_md.o ABSOLUTE
    __Vectors                                0x08000000   Data           4  startup_stm32f10x_md.o(RESET)
    __Vectors_End                            0x080000ec   Data           0  startup_stm32f10x_md.o(RESET)
    __main                                   0x080000ed   Thumb Code     0  entry.o(.ARM.Collect$$$$00000000)
    _main_stk                                0x080000ed   Thumb Code     0  entry2.o(.ARM.Collect$$$$00000001)
    _main_scatterload                        0x080000f1   Thumb Code     0  entry5.o(.ARM.Collect$$$$00000004)
    __main_after_scatterload                 0x080000f5   Thumb Code     0  entry5.o(.ARM.Collect$$$$00000004)
    _main_clock                              0x080000f5   Thumb Code     0  entry7b.o(.ARM.Collect$$$$00000008)
    _main_cpp_init                           0x080000f5   Thumb Code     0  entry8b.o(.ARM.Collect$$$$0000000A)
    _main_init                               0x080000f5   Thumb Code     0  entry9a.o(.ARM.Collect$$$$0000000B)
    __rt_final_cpp                           0x080000fd   Thumb Code     0  entry10a.o(.ARM.Collect$$$$0000000D)
    __rt_final_exit                          0x080000fd   Thumb Code     0  entry11a.o(.ARM.Collect$$$$0000000F)
    delay_ms1                                0x08000101   Thumb Code    26  main.o(.text)
    main                                     0x0800011b   Thumb Code   126  main.o(.text)
    TIM2_Config                              0x08000229   Thumb Code    84  tim.o(.text)
    TIM3_Config                              0x0800027d   Thumb Code    80  tim.o(.text)
    TIM4_Config                              0x080002cd   Thumb Code    78  tim.o(.text)
    USART1_Config                            0x08000399   Thumb Code   154  usart.o(.text)
    USART2_Config                            0x08000433   Thumb Code   194  usart.o(.text)
    fputc                                    0x080004f5   Thumb Code    32  usart.o(.text)
    USART1_Putc                              0x08000515   Thumb Code    28  usart.o(.text)
    USART1_Puts                              0x08000531   Thumb Code    38  usart.o(.text)
    USART2_Putc                              0x08000557   Thumb Code    28  usart.o(.text)
    USART2_Puts                              0x08000573   Thumb Code    38  usart.o(.text)
    USART1_Do_Tx                             0x08000599   Thumb Code    50  usart.o(.text)
    USART2_Do_Tx                             0x080005cb   Thumb Code    50  usart.o(.text)
    USART1_Do_Rx                             0x080005fd   Thumb Code   138  usart.o(.text)
    USART2_Do_Rx                             0x08000687   Thumb Code   166  usart.o(.text)
    Dispose_Data_For_Host                    0x08000afd   Thumb Code    88  usart.o(.text)
    Respond_Host_Comm                        0x08000b55   Thumb Code   112  usart.o(.text)
    NMI_Handler                              0x08000bdd   Thumb Code     2  stm32f10x_it.o(.text)
    HardFault_Handler                        0x08000bdf   Thumb Code     4  stm32f10x_it.o(.text)
    MemManage_Handler                        0x08000be3   Thumb Code     4  stm32f10x_it.o(.text)
    BusFault_Handler                         0x08000be7   Thumb Code     4  stm32f10x_it.o(.text)
    UsageFault_Handler                       0x08000beb   Thumb Code     4  stm32f10x_it.o(.text)
    SVC_Handler                              0x08000bef   Thumb Code     2  stm32f10x_it.o(.text)
    DebugMon_Handler                         0x08000bf1   Thumb Code     2  stm32f10x_it.o(.text)
    PendSV_Handler                           0x08000bf3   Thumb Code     2  stm32f10x_it.o(.text)
    SysTick_Handler                          0x08000bf5   Thumb Code     2  stm32f10x_it.o(.text)
    TIM2_IRQHandler                          0x08000bf7   Thumb Code    34  stm32f10x_it.o(.text)
    TIM3_IRQHandler                          0x08000c19   Thumb Code   128  stm32f10x_it.o(.text)
    TIM4_IRQHandler                          0x08000c99   Thumb Code    26  stm32f10x_it.o(.text)
    USART1_IRQHandler                        0x08000cb3   Thumb Code    68  stm32f10x_it.o(.text)
    USART2_IRQHandler                        0x08000cf7   Thumb Code    68  stm32f10x_it.o(.text)
    delay_init                               0x08000d5d   Thumb Code    50  delay.o(.text)
    delay_us                                 0x08000d8f   Thumb Code    70  delay.o(.text)
    delay_ms                                 0x08000dd5   Thumb Code    70  delay.o(.text)
    LED_GPIO_Config                          0x08000e2d   Thumb Code    54  led.o(.text)
    Led_Flash                                0x08000f07   Thumb Code   104  led.o(.text)
    Scanner_GPIO_Config                      0x08000f9d   Thumb Code   120  codescanner.o(.text)
    scanner_scan                             0x08001015   Thumb Code   278  codescanner.o(.text)
    CRC_GetModbus16                          0x080011c3   Thumb Code    22  crc16.o(.text)
    CRC_GetCCITT                             0x080011d9   Thumb Code    16  crc16.o(.text)
    BEEP_GPIO_Config                         0x080011ed   Thumb Code    56  beep.o(.text)
    Beep                                     0x08001225   Thumb Code    66  beep.o(.text)
    Beep_LoudNum                             0x08001267   Thumb Code    62  beep.o(.text)
    Beep_Response                            0x080012a5   Thumb Code    58  beep.o(.text)
    GPIO_DeInit                              0x080012f9   Thumb Code   172  stm32f10x_gpio.o(.text)
    GPIO_AFIODeInit                          0x080013a5   Thumb Code    20  stm32f10x_gpio.o(.text)
    GPIO_Init                                0x080013b9   Thumb Code   274  stm32f10x_gpio.o(.text)
    GPIO_StructInit                          0x080014cb   Thumb Code    16  stm32f10x_gpio.o(.text)
    GPIO_ReadInputDataBit                    0x080014db   Thumb Code    18  stm32f10x_gpio.o(.text)
    GPIO_ReadInputData                       0x080014ed   Thumb Code     8  stm32f10x_gpio.o(.text)
    GPIO_ReadOutputDataBit                   0x080014f5   Thumb Code    18  stm32f10x_gpio.o(.text)
    GPIO_ReadOutputData                      0x08001507   Thumb Code     8  stm32f10x_gpio.o(.text)
    GPIO_SetBits                             0x0800150f   Thumb Code     4  stm32f10x_gpio.o(.text)
    GPIO_ResetBits                           0x08001513   Thumb Code     4  stm32f10x_gpio.o(.text)
    GPIO_WriteBit                            0x08001517   Thumb Code    10  stm32f10x_gpio.o(.text)
    GPIO_Write                               0x08001521   Thumb Code     4  stm32f10x_gpio.o(.text)
    GPIO_PinLockConfig                       0x08001525   Thumb Code    18  stm32f10x_gpio.o(.text)
    GPIO_EventOutputConfig                   0x08001537   Thumb Code    26  stm32f10x_gpio.o(.text)
    GPIO_EventOutputCmd                      0x08001551   Thumb Code     6  stm32f10x_gpio.o(.text)
    GPIO_PinRemapConfig                      0x08001557   Thumb Code   138  stm32f10x_gpio.o(.text)
    GPIO_EXTILineConfig                      0x080015e1   Thumb Code    66  stm32f10x_gpio.o(.text)
    GPIO_ETH_MediaInterfaceConfig            0x08001623   Thumb Code     6  stm32f10x_gpio.o(.text)
    TIM_DeInit                               0x08001651   Thumb Code   424  stm32f10x_tim.o(.text)
    TIM_TimeBaseInit                         0x080017f9   Thumb Code   122  stm32f10x_tim.o(.text)
    TIM_OC1Init                              0x08001873   Thumb Code   132  stm32f10x_tim.o(.text)
    TIM_OC2Init                              0x080018f7   Thumb Code   154  stm32f10x_tim.o(.text)
    TIM_OC3Init                              0x08001991   Thumb Code   150  stm32f10x_tim.o(.text)
    TIM_OC4Init                              0x08001a27   Thumb Code   182  stm32f10x_tim.o(.text)
    TIM_SetIC4Prescaler                      0x08001add   Thumb Code    26  stm32f10x_tim.o(.text)
    TIM_SetIC3Prescaler                      0x08001b79   Thumb Code    18  stm32f10x_tim.o(.text)
    TIM_SetIC2Prescaler                      0x08001c05   Thumb Code    26  stm32f10x_tim.o(.text)
    TIM_SetIC1Prescaler                      0x08001ca1   Thumb Code    18  stm32f10x_tim.o(.text)
    TIM_ICInit                               0x08001d1f   Thumb Code   150  stm32f10x_tim.o(.text)
    TIM_PWMIConfig                           0x08001db5   Thumb Code   124  stm32f10x_tim.o(.text)
    TIM_BDTRConfig                           0x08001e31   Thumb Code    32  stm32f10x_tim.o(.text)
    TIM_TimeBaseStructInit                   0x08001e51   Thumb Code    18  stm32f10x_tim.o(.text)
    TIM_OCStructInit                         0x08001e63   Thumb Code    20  stm32f10x_tim.o(.text)
    TIM_ICStructInit                         0x08001e77   Thumb Code    18  stm32f10x_tim.o(.text)
    TIM_BDTRStructInit                       0x08001e89   Thumb Code    40  stm32f10x_tim.o(.text)
    TIM_Cmd                                  0x08001eb1   Thumb Code    24  stm32f10x_tim.o(.text)
    TIM_CtrlPWMOutputs                       0x08001ec9   Thumb Code    30  stm32f10x_tim.o(.text)
    TIM_ITConfig                             0x08001ee7   Thumb Code    18  stm32f10x_tim.o(.text)
    TIM_GenerateEvent                        0x08001ef9   Thumb Code     4  stm32f10x_tim.o(.text)
    TIM_DMAConfig                            0x08001efd   Thumb Code    10  stm32f10x_tim.o(.text)
    TIM_DMACmd                               0x08001f07   Thumb Code    18  stm32f10x_tim.o(.text)
    TIM_InternalClockConfig                  0x08001f19   Thumb Code    12  stm32f10x_tim.o(.text)
    TIM_SelectInputTrigger                   0x08001f25   Thumb Code    18  stm32f10x_tim.o(.text)
    TIM_ITRxExternalClockConfig              0x08001f37   Thumb Code    24  stm32f10x_tim.o(.text)
    TIM_TIxExternalClockConfig               0x08001f4f   Thumb Code    62  stm32f10x_tim.o(.text)
    TIM_ETRConfig                            0x08001f8d   Thumb Code    28  stm32f10x_tim.o(.text)
    TIM_ETRClockMode1Config                  0x08001fa9   Thumb Code    54  stm32f10x_tim.o(.text)
    TIM_ETRClockMode2Config                  0x08001fdf   Thumb Code    32  stm32f10x_tim.o(.text)
    TIM_PrescalerConfig                      0x08001fff   Thumb Code     6  stm32f10x_tim.o(.text)
    TIM_CounterModeConfig                    0x08002005   Thumb Code    18  stm32f10x_tim.o(.text)
    TIM_EncoderInterfaceConfig               0x08002017   Thumb Code    66  stm32f10x_tim.o(.text)
    TIM_ForcedOC1Config                      0x08002059   Thumb Code    18  stm32f10x_tim.o(.text)
    TIM_ForcedOC2Config                      0x0800206b   Thumb Code    26  stm32f10x_tim.o(.text)
    TIM_ForcedOC3Config                      0x08002085   Thumb Code    18  stm32f10x_tim.o(.text)
    TIM_ForcedOC4Config                      0x08002097   Thumb Code    26  stm32f10x_tim.o(.text)
    TIM_ARRPreloadConfig                     0x080020b1   Thumb Code    24  stm32f10x_tim.o(.text)
    TIM_SelectCOM                            0x080020c9   Thumb Code    24  stm32f10x_tim.o(.text)
    TIM_SelectCCDMA                          0x080020e1   Thumb Code    24  stm32f10x_tim.o(.text)
    TIM_CCPreloadControl                     0x080020f9   Thumb Code    24  stm32f10x_tim.o(.text)
    TIM_OC1PreloadConfig                     0x08002111   Thumb Code    18  stm32f10x_tim.o(.text)
    TIM_OC2PreloadConfig                     0x08002123   Thumb Code    26  stm32f10x_tim.o(.text)
    TIM_OC3PreloadConfig                     0x0800213d   Thumb Code    18  stm32f10x_tim.o(.text)
    TIM_OC4PreloadConfig                     0x0800214f   Thumb Code    26  stm32f10x_tim.o(.text)
    TIM_OC1FastConfig                        0x08002169   Thumb Code    18  stm32f10x_tim.o(.text)
    TIM_OC2FastConfig                        0x0800217b   Thumb Code    26  stm32f10x_tim.o(.text)
    TIM_OC3FastConfig                        0x08002195   Thumb Code    18  stm32f10x_tim.o(.text)
    TIM_OC4FastConfig                        0x080021a7   Thumb Code    26  stm32f10x_tim.o(.text)
    TIM_ClearOC1Ref                          0x080021c1   Thumb Code    18  stm32f10x_tim.o(.text)
    TIM_ClearOC2Ref                          0x080021d3   Thumb Code    24  stm32f10x_tim.o(.text)
    TIM_ClearOC3Ref                          0x080021eb   Thumb Code    18  stm32f10x_tim.o(.text)
    TIM_ClearOC4Ref                          0x080021fd   Thumb Code    24  stm32f10x_tim.o(.text)
    TIM_OC1PolarityConfig                    0x08002215   Thumb Code    18  stm32f10x_tim.o(.text)
    TIM_OC1NPolarityConfig                   0x08002227   Thumb Code    18  stm32f10x_tim.o(.text)
    TIM_OC2PolarityConfig                    0x08002239   Thumb Code    26  stm32f10x_tim.o(.text)
    TIM_OC2NPolarityConfig                   0x08002253   Thumb Code    26  stm32f10x_tim.o(.text)
    TIM_OC3PolarityConfig                    0x0800226d   Thumb Code    26  stm32f10x_tim.o(.text)
    TIM_OC3NPolarityConfig                   0x08002287   Thumb Code    26  stm32f10x_tim.o(.text)
    TIM_OC4PolarityConfig                    0x080022a1   Thumb Code    26  stm32f10x_tim.o(.text)
    TIM_CCxCmd                               0x080022bb   Thumb Code    30  stm32f10x_tim.o(.text)
    TIM_CCxNCmd                              0x080022d9   Thumb Code    30  stm32f10x_tim.o(.text)
    TIM_SelectOCxM                           0x080022f7   Thumb Code    82  stm32f10x_tim.o(.text)
    TIM_UpdateDisableConfig                  0x08002349   Thumb Code    24  stm32f10x_tim.o(.text)
    TIM_UpdateRequestConfig                  0x08002361   Thumb Code    24  stm32f10x_tim.o(.text)
    TIM_SelectHallSensor                     0x08002379   Thumb Code    24  stm32f10x_tim.o(.text)
    TIM_SelectOnePulseMode                   0x08002391   Thumb Code    18  stm32f10x_tim.o(.text)
    TIM_SelectOutputTrigger                  0x080023a3   Thumb Code    18  stm32f10x_tim.o(.text)
    TIM_SelectSlaveMode                      0x080023b5   Thumb Code    18  stm32f10x_tim.o(.text)
    TIM_SelectMasterSlaveMode                0x080023c7   Thumb Code    18  stm32f10x_tim.o(.text)
    TIM_SetCounter                           0x080023d9   Thumb Code     4  stm32f10x_tim.o(.text)
    TIM_SetAutoreload                        0x080023dd   Thumb Code     4  stm32f10x_tim.o(.text)
    TIM_SetCompare1                          0x080023e1   Thumb Code     4  stm32f10x_tim.o(.text)
    TIM_SetCompare2                          0x080023e5   Thumb Code     4  stm32f10x_tim.o(.text)
    TIM_SetCompare3                          0x080023e9   Thumb Code     4  stm32f10x_tim.o(.text)
    TIM_SetCompare4                          0x080023ed   Thumb Code     6  stm32f10x_tim.o(.text)
    TIM_SetClockDivision                     0x080023f3   Thumb Code    18  stm32f10x_tim.o(.text)
    TIM_GetCapture1                          0x08002405   Thumb Code     6  stm32f10x_tim.o(.text)
    TIM_GetCapture2                          0x0800240b   Thumb Code     6  stm32f10x_tim.o(.text)
    TIM_GetCapture3                          0x08002411   Thumb Code     6  stm32f10x_tim.o(.text)
    TIM_GetCapture4                          0x08002417   Thumb Code     8  stm32f10x_tim.o(.text)
    TIM_GetCounter                           0x0800241f   Thumb Code     6  stm32f10x_tim.o(.text)
    TIM_GetPrescaler                         0x08002425   Thumb Code     6  stm32f10x_tim.o(.text)
    TIM_GetFlagStatus                        0x0800242b   Thumb Code    18  stm32f10x_tim.o(.text)
    TIM_ClearFlag                            0x0800243d   Thumb Code     6  stm32f10x_tim.o(.text)
    TIM_GetITStatus                          0x08002443   Thumb Code    34  stm32f10x_tim.o(.text)
    TIM_ClearITPendingBit                    0x08002465   Thumb Code     6  stm32f10x_tim.o(.text)
    USART_DeInit                             0x0800246d   Thumb Code   134  stm32f10x_usart.o(.text)
    USART_Init                               0x080024f3   Thumb Code   210  stm32f10x_usart.o(.text)
    USART_StructInit                         0x080025c5   Thumb Code    24  stm32f10x_usart.o(.text)
    USART_ClockInit                          0x080025dd   Thumb Code    34  stm32f10x_usart.o(.text)
    USART_ClockStructInit                    0x080025ff   Thumb Code    12  stm32f10x_usart.o(.text)
    USART_Cmd                                0x0800260b   Thumb Code    24  stm32f10x_usart.o(.text)
    USART_ITConfig                           0x08002623   Thumb Code    74  stm32f10x_usart.o(.text)
    USART_DMACmd                             0x0800266d   Thumb Code    18  stm32f10x_usart.o(.text)
    USART_SetAddress                         0x0800267f   Thumb Code    18  stm32f10x_usart.o(.text)
    USART_WakeUpConfig                       0x08002691   Thumb Code    18  stm32f10x_usart.o(.text)
    USART_ReceiverWakeUpCmd                  0x080026a3   Thumb Code    24  stm32f10x_usart.o(.text)
    USART_LINBreakDetectLengthConfig         0x080026bb   Thumb Code    18  stm32f10x_usart.o(.text)
    USART_LINCmd                             0x080026cd   Thumb Code    24  stm32f10x_usart.o(.text)
    USART_SendData                           0x080026e5   Thumb Code     8  stm32f10x_usart.o(.text)
    USART_ReceiveData                        0x080026ed   Thumb Code    10  stm32f10x_usart.o(.text)
    USART_SendBreak                          0x080026f7   Thumb Code    10  stm32f10x_usart.o(.text)
    USART_SetGuardTime                       0x08002701   Thumb Code    16  stm32f10x_usart.o(.text)
    USART_SetPrescaler                       0x08002711   Thumb Code    16  stm32f10x_usart.o(.text)
    USART_SmartCardCmd                       0x08002721   Thumb Code    24  stm32f10x_usart.o(.text)
    USART_SmartCardNACKCmd                   0x08002739   Thumb Code    24  stm32f10x_usart.o(.text)
    USART_HalfDuplexCmd                      0x08002751   Thumb Code    24  stm32f10x_usart.o(.text)
    USART_OverSampling8Cmd                   0x08002769   Thumb Code    22  stm32f10x_usart.o(.text)
    USART_OneBitMethodCmd                    0x0800277f   Thumb Code    24  stm32f10x_usart.o(.text)
    USART_IrDAConfig                         0x08002797   Thumb Code    18  stm32f10x_usart.o(.text)
    USART_IrDACmd                            0x080027a9   Thumb Code    24  stm32f10x_usart.o(.text)
    USART_GetFlagStatus                      0x080027c1   Thumb Code    26  stm32f10x_usart.o(.text)
    USART_ClearFlag                          0x080027db   Thumb Code    18  stm32f10x_usart.o(.text)
    USART_GetITStatus                        0x080027ed   Thumb Code    84  stm32f10x_usart.o(.text)
    USART_ClearITPendingBit                  0x08002841   Thumb Code    52  stm32f10x_usart.o(.text)
    NVIC_PriorityGroupConfig                 0x08002875   Thumb Code    10  misc.o(.text)
    NVIC_Init                                0x0800287f   Thumb Code   102  misc.o(.text)
    NVIC_SetVectorTable                      0x080028e5   Thumb Code    14  misc.o(.text)
    NVIC_SystemLPConfig                      0x080028f3   Thumb Code    34  misc.o(.text)
    SysTick_CLKSourceConfig                  0x08002915   Thumb Code    40  misc.o(.text)
    RCC_DeInit                               0x08002951   Thumb Code    64  stm32f10x_rcc.o(.text)
    RCC_HSEConfig                            0x08002991   Thumb Code    70  stm32f10x_rcc.o(.text)
    RCC_GetFlagStatus                        0x080029d7   Thumb Code    56  stm32f10x_rcc.o(.text)
    RCC_WaitForHSEStartUp                    0x08002a0f   Thumb Code    56  stm32f10x_rcc.o(.text)
    RCC_AdjustHSICalibrationValue            0x08002a47   Thumb Code    20  stm32f10x_rcc.o(.text)
    RCC_HSICmd                               0x08002a5b   Thumb Code     6  stm32f10x_rcc.o(.text)
    RCC_PLLConfig                            0x08002a61   Thumb Code    24  stm32f10x_rcc.o(.text)
    RCC_PLLCmd                               0x08002a79   Thumb Code     6  stm32f10x_rcc.o(.text)
    RCC_SYSCLKConfig                         0x08002a7f   Thumb Code    18  stm32f10x_rcc.o(.text)
    RCC_GetSYSCLKSource                      0x08002a91   Thumb Code    10  stm32f10x_rcc.o(.text)
    RCC_HCLKConfig                           0x08002a9b   Thumb Code    18  stm32f10x_rcc.o(.text)
    RCC_PCLK1Config                          0x08002aad   Thumb Code    18  stm32f10x_rcc.o(.text)
    RCC_PCLK2Config                          0x08002abf   Thumb Code    20  stm32f10x_rcc.o(.text)
    RCC_ITConfig                             0x08002ad3   Thumb Code    26  stm32f10x_rcc.o(.text)
    RCC_USBCLKConfig                         0x08002aed   Thumb Code     6  stm32f10x_rcc.o(.text)
    RCC_ADCCLKConfig                         0x08002af3   Thumb Code    18  stm32f10x_rcc.o(.text)
    RCC_LSEConfig                            0x08002b05   Thumb Code    44  stm32f10x_rcc.o(.text)
    RCC_LSICmd                               0x08002b31   Thumb Code     6  stm32f10x_rcc.o(.text)
    RCC_RTCCLKConfig                         0x08002b37   Thumb Code    12  stm32f10x_rcc.o(.text)
    RCC_RTCCLKCmd                            0x08002b43   Thumb Code     8  stm32f10x_rcc.o(.text)
    RCC_GetClocksFreq                        0x08002b4b   Thumb Code   192  stm32f10x_rcc.o(.text)
    RCC_AHBPeriphClockCmd                    0x08002c0b   Thumb Code    26  stm32f10x_rcc.o(.text)
    RCC_APB2PeriphClockCmd                   0x08002c25   Thumb Code    26  stm32f10x_rcc.o(.text)
    RCC_APB1PeriphClockCmd                   0x08002c3f   Thumb Code    26  stm32f10x_rcc.o(.text)
    RCC_APB2PeriphResetCmd                   0x08002c59   Thumb Code    26  stm32f10x_rcc.o(.text)
    RCC_APB1PeriphResetCmd                   0x08002c73   Thumb Code    26  stm32f10x_rcc.o(.text)
    RCC_BackupResetCmd                       0x08002c8d   Thumb Code     8  stm32f10x_rcc.o(.text)
    RCC_ClockSecuritySystemCmd               0x08002c95   Thumb Code     6  stm32f10x_rcc.o(.text)
    RCC_MCOConfig                            0x08002c9b   Thumb Code     6  stm32f10x_rcc.o(.text)
    RCC_ClearFlag                            0x08002ca1   Thumb Code    14  stm32f10x_rcc.o(.text)
    RCC_GetITStatus                          0x08002caf   Thumb Code    20  stm32f10x_rcc.o(.text)
    RCC_ClearITPendingBit                    0x08002cc3   Thumb Code     6  stm32f10x_rcc.o(.text)
    SystemInit                               0x08002dd1   Thumb Code    78  system_stm32f10x.o(.text)
    SystemCoreClockUpdate                    0x08002e1f   Thumb Code   142  system_stm32f10x.o(.text)
    Reset_Handler                            0x08002ed1   Thumb Code     8  startup_stm32f10x_md.o(.text)
    ADC1_2_IRQHandler                        0x08002eeb   Thumb Code     0  startup_stm32f10x_md.o(.text)
    CAN1_RX1_IRQHandler                      0x08002eeb   Thumb Code     0  startup_stm32f10x_md.o(.text)
    CAN1_SCE_IRQHandler                      0x08002eeb   Thumb Code     0  startup_stm32f10x_md.o(.text)
    DMA1_Channel1_IRQHandler                 0x08002eeb   Thumb Code     0  startup_stm32f10x_md.o(.text)
    DMA1_Channel2_IRQHandler                 0x08002eeb   Thumb Code     0  startup_stm32f10x_md.o(.text)
    DMA1_Channel3_IRQHandler                 0x08002eeb   Thumb Code     0  startup_stm32f10x_md.o(.text)
    DMA1_Channel4_IRQHandler                 0x08002eeb   Thumb Code     0  startup_stm32f10x_md.o(.text)
    DMA1_Channel5_IRQHandler                 0x08002eeb   Thumb Code     0  startup_stm32f10x_md.o(.text)
    DMA1_Channel6_IRQHandler                 0x08002eeb   Thumb Code     0  startup_stm32f10x_md.o(.text)
    DMA1_Channel7_IRQHandler                 0x08002eeb   Thumb Code     0  startup_stm32f10x_md.o(.text)
    EXTI0_IRQHandler                         0x08002eeb   Thumb Code     0  startup_stm32f10x_md.o(.text)
    EXTI15_10_IRQHandler                     0x08002eeb   Thumb Code     0  startup_stm32f10x_md.o(.text)
    EXTI1_IRQHandler                         0x08002eeb   Thumb Code     0  startup_stm32f10x_md.o(.text)
    EXTI2_IRQHandler                         0x08002eeb   Thumb Code     0  startup_stm32f10x_md.o(.text)
    EXTI3_IRQHandler                         0x08002eeb   Thumb Code     0  startup_stm32f10x_md.o(.text)
    EXTI4_IRQHandler                         0x08002eeb   Thumb Code     0  startup_stm32f10x_md.o(.text)
    EXTI9_5_IRQHandler                       0x08002eeb   Thumb Code     0  startup_stm32f10x_md.o(.text)
    FLASH_IRQHandler                         0x08002eeb   Thumb Code     0  startup_stm32f10x_md.o(.text)
    I2C1_ER_IRQHandler                       0x08002eeb   Thumb Code     0  startup_stm32f10x_md.o(.text)
    I2C1_EV_IRQHandler                       0x08002eeb   Thumb Code     0  startup_stm32f10x_md.o(.text)
    I2C2_ER_IRQHandler                       0x08002eeb   Thumb Code     0  startup_stm32f10x_md.o(.text)
    I2C2_EV_IRQHandler                       0x08002eeb   Thumb Code     0  startup_stm32f10x_md.o(.text)
    PVD_IRQHandler                           0x08002eeb   Thumb Code     0  startup_stm32f10x_md.o(.text)
    RCC_IRQHandler                           0x08002eeb   Thumb Code     0  startup_stm32f10x_md.o(.text)
    RTCAlarm_IRQHandler                      0x08002eeb   Thumb Code     0  startup_stm32f10x_md.o(.text)
    RTC_IRQHandler                           0x08002eeb   Thumb Code     0  startup_stm32f10x_md.o(.text)
    SPI1_IRQHandler                          0x08002eeb   Thumb Code     0  startup_stm32f10x_md.o(.text)
    SPI2_IRQHandler                          0x08002eeb   Thumb Code     0  startup_stm32f10x_md.o(.text)
    TAMPER_IRQHandler                        0x08002eeb   Thumb Code     0  startup_stm32f10x_md.o(.text)
    TIM1_BRK_IRQHandler                      0x08002eeb   Thumb Code     0  startup_stm32f10x_md.o(.text)
    TIM1_CC_IRQHandler                       0x08002eeb   Thumb Code     0  startup_stm32f10x_md.o(.text)
    TIM1_TRG_COM_IRQHandler                  0x08002eeb   Thumb Code     0  startup_stm32f10x_md.o(.text)
    TIM1_UP_IRQHandler                       0x08002eeb   Thumb Code     0  startup_stm32f10x_md.o(.text)
    USART3_IRQHandler                        0x08002eeb   Thumb Code     0  startup_stm32f10x_md.o(.text)
    USBWakeUp_IRQHandler                     0x08002eeb   Thumb Code     0  startup_stm32f10x_md.o(.text)
    USB_HP_CAN1_TX_IRQHandler                0x08002eeb   Thumb Code     0  startup_stm32f10x_md.o(.text)
    USB_LP_CAN1_RX0_IRQHandler               0x08002eeb   Thumb Code     0  startup_stm32f10x_md.o(.text)
    WWDG_IRQHandler                          0x08002eeb   Thumb Code     0  startup_stm32f10x_md.o(.text)
    __scatterload                            0x08002ef5   Thumb Code    28  init.o(.text)
    __scatterload_rt2                        0x08002ef5   Thumb Code     0  init.o(.text)
    __scatterload_copy                       0x08002f19   Thumb Code    14  handlers.o(i.__scatterload_copy)
    __scatterload_null                       0x08002f27   Thumb Code     2  handlers.o(i.__scatterload_null)
    __scatterload_zeroinit                   0x08002f29   Thumb Code    14  handlers.o(i.__scatterload_zeroinit)
    g_McRctable_16                           0x08002f36   Data         512  crc16.o(.constdata)
    Region$$Table$$Base                      0x08003138   Number         0  anon$$obj.o(Region$$Table)
    Region$$Table$$Limit                     0x08003158   Number         0  anon$$obj.o(Region$$Table)
    Auto_Frame_Time1                         0x20000000   Data           1  usart.o(.data)
    Auto_Frame_Time2                         0x20000001   Data           1  usart.o(.data)
    Gled_Num                                 0x2000000e   Data           1  led.o(.data)
    Rled_Num                                 0x2000000f   Data           1  led.o(.data)
    Gled_Light_Static                        0x20000010   Data           1  led.o(.data)
    Rled_Light_Static                        0x20000011   Data           1  led.o(.data)
    Host_Answer                              0x20000018   Data           6  codescanner.o(.data)
    Beep_Time                                0x20000020   Data           2  beep.o(.data)
    Beep_Num                                 0x20000022   Data           1  beep.o(.data)
    ERR_Beep_State                           0x20000023   Data           1  beep.o(.data)
    SystemCoreClock                          0x20000038   Data           4  system_stm32f10x.o(.data)
    AHBPrescTable                            0x2000003c   Data          16  system_stm32f10x.o(.data)
    Usart1_Control_Data                      0x2000004c   Data        1034  usart.o(.bss)
    Usart2_Control_Data                      0x20000456   Data        1034  usart.o(.bss)
    Host_Control                             0x20000860   Data          16  codescanner.o(.bss)
    __initial_sp                             0x20000c70   Data           0  startup_stm32f10x_md.o(STACK)



==============================================================================

Memory Map of the image

  Image Entry point : 0x080000ed

  Load Region LR_IROM1 (Base: 0x08000000, Size: 0x000031a4, Max: 0x00010000, ABSOLUTE)

    Execution Region ER_IROM1 (Base: 0x08000000, Size: 0x00003158, Max: 0x00010000, ABSOLUTE)

    Base Addr    Size         Type   Attr      Idx    E Section Name        Object

    0x08000000   0x000000ec   Data   RO          375    RESET               startup_stm32f10x_md.o
    0x080000ec   0x00000000   Code   RO          380  * .ARM.Collect$$$$00000000  mc_w.l(entry.o)
    0x080000ec   0x00000004   Code   RO          383    .ARM.Collect$$$$00000001  mc_w.l(entry2.o)
    0x080000f0   0x00000004   Code   RO          386    .ARM.Collect$$$$00000004  mc_w.l(entry5.o)
    0x080000f4   0x00000000   Code   RO          388    .ARM.Collect$$$$00000008  mc_w.l(entry7b.o)
    0x080000f4   0x00000000   Code   RO          390    .ARM.Collect$$$$0000000A  mc_w.l(entry8b.o)
    0x080000f4   0x00000008   Code   RO          391    .ARM.Collect$$$$0000000B  mc_w.l(entry9a.o)
    0x080000fc   0x00000000   Code   RO          393    .ARM.Collect$$$$0000000D  mc_w.l(entry10a.o)
    0x080000fc   0x00000000   Code   RO          395    .ARM.Collect$$$$0000000F  mc_w.l(entry11a.o)
    0x080000fc   0x00000004   Code   RO          384    .ARM.Collect$$$$00002712  mc_w.l(entry2.o)
    0x08000100   0x000000b0   Code   RO            1    .text               main.o
    0x080001b0   0x00000174   Code   RO           96    .text               tim.o
    0x08000324   0x000008b8   Code   RO          108    .text               usart.o
    0x08000bdc   0x00000180   Code   RO          128    .text               stm32f10x_it.o
    0x08000d5c   0x000000d0   Code   RO          143    .text               delay.o
    0x08000e2c   0x00000170   Code   RO          157    .text               led.o
    0x08000f9c   0x000001b8   Code   RO          175    .text               codescanner.o
    0x08001154   0x00000098   Code   RO          195    .text               crc16.o
    0x080011ec   0x0000010c   Code   RO          210    .text               beep.o
    0x080012f8   0x00000358   Code   RO          228    .text               stm32f10x_gpio.o
    0x08001650   0x00000e1a   Code   RO          264    .text               stm32f10x_tim.o
    0x0800246a   0x00000002   PAD
    0x0800246c   0x00000408   Code   RO          276    .text               stm32f10x_usart.o
    0x08002874   0x000000dc   Code   RO          318    .text               misc.o
    0x08002950   0x000003a4   Code   RO          330    .text               stm32f10x_rcc.o
    0x08002cf4   0x000001dc   Code   RO          355    .text               system_stm32f10x.o
    0x08002ed0   0x00000024   Code   RO          376    .text               startup_stm32f10x_md.o
    0x08002ef4   0x00000024   Code   RO          397    .text               mc_w.l(init.o)
    0x08002f18   0x0000000e   Code   RO          401    i.__scatterload_copy  mc_w.l(handlers.o)
    0x08002f26   0x00000002   Code   RO          402    i.__scatterload_null  mc_w.l(handlers.o)
    0x08002f28   0x0000000e   Code   RO          403    i.__scatterload_zeroinit  mc_w.l(handlers.o)
    0x08002f36   0x00000200   Data   RO          196    .constdata          crc16.o
    0x08003136   0x00000002   PAD
    0x08003138   0x00000020   Data   RO          399    Region$$Table       anon$$obj.o


    Execution Region RW_IRAM1 (Base: 0x20000000, Size: 0x00000c70, Max: 0x00005000, ABSOLUTE)

    Base Addr    Size         Type   Attr      Idx    E Section Name        Object

    0x20000000   0x00000002   Data   RW          110    .data               usart.o
    0x20000002   0x00000004   Data   RW          144    .data               delay.o
    0x20000006   0x0000000c   Data   RW          158    .data               led.o
    0x20000012   0x0000000c   Data   RW          177    .data               codescanner.o
    0x2000001e   0x00000006   Data   RW          211    .data               beep.o
    0x20000024   0x00000014   Data   RW          331    .data               stm32f10x_rcc.o
    0x20000038   0x00000014   Data   RW          356    .data               system_stm32f10x.o
    0x2000004c   0x00000814   Zero   RW          109    .bss                usart.o
    0x20000860   0x00000010   Zero   RW          176    .bss                codescanner.o
    0x20000870   0x00000400   Zero   RW          373    STACK               startup_stm32f10x_md.o


==============================================================================

Image component sizes


      Code (inc. data)   RO Data    RW Data    ZI Data      Debug   Object Name

       268         26          0          6          0       1255   beep.o
       440         42          0         12         16       2942   codescanner.o
         0          0          0          0          0         32   core_cm3.o
       152          4        512          0          0       1708   crc16.o
       208         18          0          4          0        875   delay.o
       368         46          0         12          0       1320   led.o
       176         24          0          0          0     254205   main.o
       220         20          0          0          0       1773   misc.o
        36          8        236          0       1024        768   startup_stm32f10x_md.o
       856         40          0          0          0       5617   stm32f10x_gpio.o
       384         34          0          0          0       1994   stm32f10x_it.o
       932         44          0         20          0       8744   stm32f10x_rcc.o
      3610         88          0          0          0      22108   stm32f10x_tim.o
      1032         22          0          0          0       8344   stm32f10x_usart.o
       476         36          0         20          0       1655   system_stm32f10x.o
       372         10          0          0          0       1286   tim.o
      2232        112          0          2       2068       6535   usart.o

    ----------------------------------------------------------------------
     11764        574        782         76       3108     321161   Object Totals
         0          0         32          0          0          0   (incl. Generated)
         2          0          2          0          0          0   (incl. Padding)

    ----------------------------------------------------------------------

      Code (inc. data)   RO Data    RW Data    ZI Data      Debug   Library Member Name

         0          0          0          0          0          0   entry.o
         0          0          0          0          0          0   entry10a.o
         0          0          0          0          0          0   entry11a.o
         8          4          0          0          0          0   entry2.o
         4          0          0          0          0          0   entry5.o
         0          0          0          0          0          0   entry7b.o
         0          0          0          0          0          0   entry8b.o
         8          4          0          0          0          0   entry9a.o
        30          0          0          0          0          0   handlers.o
        36          8          0          0          0         68   init.o

    ----------------------------------------------------------------------
        86         16          0          0          0         68   Library Totals
         0          0          0          0          0          0   (incl. Padding)

    ----------------------------------------------------------------------

      Code (inc. data)   RO Data    RW Data    ZI Data      Debug   Library Name

        86         16          0          0          0         68   mc_w.l

    ----------------------------------------------------------------------
        86         16          0          0          0         68   Library Totals

    ----------------------------------------------------------------------

==============================================================================


      Code (inc. data)   RO Data    RW Data    ZI Data      Debug   

     11850        590        782         76       3108     319981   Grand Totals
     11850        590        782         76       3108     319981   ELF Image Totals
     11850        590        782         76          0          0   ROM Totals

==============================================================================

    Total RO  Size (Code + RO Data)                12632 (  12.34kB)
    Total RW  Size (RW Data + ZI Data)              3184 (   3.11kB)
    Total ROM Size (Code + RO Data + RW Data)      12708 (  12.41kB)

==============================================================================

