<html>
<body>
<pre>
<h1>µVision Build Log</h1>
<h2>Project:</h2>
G:\program\CodeScanner\MDK_ARM\CodeScanner.uvproj
Project File Date:  09/21/2016

<h2>Output:</h2>
Rebuild target 'Target 1'
compiling main.c...
compiling TIM.C...
compiling usart.c...
compiling stm32f10x_it.c...
compiling delay.c...
compiling led.c...
compiling codescanner.c...
compiling crc16.c...
compiling beep.c...
compiling stm32f10x_gpio.c...
compiling stm32f10x_pwr.c...
compiling stm32f10x_sdio.c...
compiling stm32f10x_tim.c...
compiling stm32f10x_usart.c...
compiling stm32f10x_rtc.c...
compiling stm32f10x_bkp.c...
compiling misc.c...
compiling stm32f10x_rcc.c...
compiling core_cm3.c...
compiling system_stm32f10x.c...
assembling startup_stm32f10x_md.s...
linking...
Program Size: Code=11834 RO-data=782 RW-data=76 ZI-data=3108  
FromELF: creating hex file...
".\OBJ\CodeScanner.axf" - 0 Errors, 0 Warning(s).
Build target 'Target 1'
linking...
Program Size: Code=11834 RO-data=782 RW-data=76 ZI-data=3108  
FromELF: creating hex file...
".\OBJ\CodeScanner.axf" - 0 Errors, 0 Warning(s).
Build target 'Target 1'
linking...
Program Size: Code=11834 RO-data=782 RW-data=76 ZI-data=3108  
FromELF: creating hex file...
".\OBJ\CodeScanner.axf" - 0 Errors, 0 Warning(s).
Build target 'Target 1'
compiling main.c...
linking...
Program Size: Code=11850 RO-data=782 RW-data=76 ZI-data=3108  
FromELF: creating hex file...
".\OBJ\CodeScanner.axf" - 0 Errors, 0 Warning(s).
